** Drc report for FlightPad.kicad_pcb **
** Created on 2025-07-07T22:46:10+0100 **

** Found 77 DRC violations **
[via_dangling]: Via is not connected or connected on only one layer
    Local override; warning (excluded)
    @(118.0000 mm, 121.0000 mm): Via [<no net>] on F.Cu - B.Cu
[via_dangling]: Via is not connected or connected on only one layer
    Local override; warning (excluded)
    @(55.5000 mm, 121.5000 mm): Via [<no net>] on F.Cu - B.Cu
[shorting_items]: Items shorting two nets (nets  and ROW-3)
    Local override; error
    @(58.0000 mm, 114.5800 mm): PTH pad C [<no net>] of D9
    @(77.0000 mm, 115.0000 mm): Segment [ROW-3] on B.Cu
[shorting_items]: Items shorting two nets (nets  and Net-(D7-A))
    Local override; error
    @(58.0000 mm, 104.4200 mm): PTH pad A [<no net>] of D9
    @(63.5000 mm, 105.5000 mm): Segment [Net-(D7-A)] on F.Cu
[shorting_items]: Items shorting two nets (nets  and ROW-3)
    Local override; error
    @(77.0000 mm, 114.5800 mm): PTH pad C [<no net>] of D8
    @(96.0000 mm, 115.0000 mm): Segment [ROW-3] on B.Cu
[shorting_items]: Items shorting two nets (nets  and ROW-3)
    Local override; error
    @(77.0000 mm, 114.5800 mm): PTH pad C [<no net>] of D8
    @(77.0000 mm, 115.0000 mm): Segment [ROW-3] on B.Cu
[shorting_items]: Items shorting two nets (nets  and Net-(D8-A))
    Local override; error
    @(77.0000 mm, 104.4200 mm): PTH pad A [<no net>] of D8
    @(83.0000 mm, 105.5000 mm): Segment [Net-(D8-A)] on F.Cu
[shorting_items]: Items shorting two nets (nets  and ROW-3)
    Local override; error
    @(96.0000 mm, 114.5800 mm): PTH pad C [<no net>] of D7
    @(96.0000 mm, 115.0000 mm): Segment [ROW-3] on B.Cu
[shorting_items]: Items shorting two nets (nets  and ROW-3)
    Local override; error
    @(96.0000 mm, 114.5800 mm): PTH pad C [<no net>] of D7
    @(96.0000 mm, 115.0000 mm): Segment [ROW-3] on B.Cu
[shorting_items]: Items shorting two nets (nets  and Net-(D6-A))
    Local override; error
    @(96.0000 mm, 104.4200 mm): PTH pad A [<no net>] of D7
    @(101.5000 mm, 105.0000 mm): Segment [Net-(D6-A)] on F.Cu
[shorting_items]: Items shorting two nets (nets  and ROW-2)
    Local override; error
    @(58.0000 mm, 95.0800 mm): PTH pad C [<no net>] of D6
    @(58.0000 mm, 95.0000 mm): Segment [ROW-2] on B.Cu
[shorting_items]: Items shorting two nets (nets  and Net-(D4-A))
    Local override; error
    @(58.0000 mm, 84.9200 mm): PTH pad A [<no net>] of D6
    @(64.0000 mm, 86.5000 mm): Segment [Net-(D4-A)] on F.Cu
[shorting_items]: Items shorting two nets (nets  and ROW-2)
    Local override; error
    @(77.0000 mm, 95.0800 mm): PTH pad C [<no net>] of D5
    @(96.0000 mm, 95.0000 mm): Segment [ROW-2] on B.Cu
[shorting_items]: Items shorting two nets (nets  and ROW-2)
    Local override; error
    @(77.0000 mm, 95.0800 mm): PTH pad C [<no net>] of D5
    @(58.0000 mm, 95.0000 mm): Segment [ROW-2] on B.Cu
[shorting_items]: Items shorting two nets (nets  and Net-(D5-A))
    Local override; error
    @(77.0000 mm, 84.9200 mm): PTH pad A [<no net>] of D5
    @(82.5000 mm, 86.5000 mm): Segment [Net-(D5-A)] on F.Cu
[shorting_items]: Items shorting two nets (nets  and ROW-2)
    Local override; error
    @(96.0000 mm, 95.0800 mm): PTH pad C [<no net>] of D4
    @(96.0000 mm, 95.0000 mm): Segment [ROW-2] on B.Cu
[shorting_items]: Items shorting two nets (nets  and ROW-2)
    Local override; error
    @(96.0000 mm, 95.0800 mm): PTH pad C [<no net>] of D4
    @(96.0000 mm, 95.0000 mm): Segment [ROW-2] on B.Cu
[shorting_items]: Items shorting two nets (nets  and Net-(D9-A))
    Local override; error
    @(96.0000 mm, 84.9200 mm): PTH pad A [<no net>] of D4
    @(102.0000 mm, 86.5000 mm): Segment [Net-(D9-A)] on F.Cu
[shorting_items]: Items shorting two nets (nets  and ROW-1)
    Local override; error
    @(96.0000 mm, 76.0800 mm): PTH pad C [<no net>] of D3
    @(96.0000 mm, 76.5000 mm): Segment [ROW-1] on B.Cu
[shorting_items]: Items shorting two nets (nets  and ROW-1)
    Local override; error
    @(96.0000 mm, 76.0800 mm): PTH pad C [<no net>] of D3
    @(96.0000 mm, 76.5000 mm): Segment [ROW-1] on B.Cu
[shorting_items]: Items shorting two nets (nets  and Net-(D3-A))
    Local override; error
    @(96.0000 mm, 65.9200 mm): PTH pad A [<no net>] of D3
    @(102.0000 mm, 67.5000 mm): Segment [Net-(D3-A)] on F.Cu
[shorting_items]: Items shorting two nets (nets  and ROW-1)
    Local override; error
    @(77.0000 mm, 76.0800 mm): PTH pad C [<no net>] of D2
    @(77.0000 mm, 76.5000 mm): Segment [ROW-1] on B.Cu
[shorting_items]: Items shorting two nets (nets  and ROW-1)
    Local override; error
    @(77.0000 mm, 76.0800 mm): PTH pad C [<no net>] of D2
    @(96.0000 mm, 76.5000 mm): Segment [ROW-1] on B.Cu
[shorting_items]: Items shorting two nets (nets  and Net-(D2-A))
    Local override; error
    @(77.0000 mm, 65.9200 mm): PTH pad A [<no net>] of D2
    @(82.5000 mm, 67.5000 mm): Segment [Net-(D2-A)] on F.Cu
[shorting_items]: Items shorting two nets (nets  and ROW-1)
    Local override; error
    @(58.0000 mm, 76.0800 mm): PTH pad C [<no net>] of D1
    @(77.0000 mm, 76.5000 mm): Segment [ROW-1] on B.Cu
[shorting_items]: Items shorting two nets (nets  and Net-(D1-A))
    Local override; error
    @(58.0000 mm, 65.9200 mm): PTH pad A [<no net>] of D1
    @(63.5000 mm, 67.5000 mm): Segment [Net-(D1-A)] on F.Cu
[silk_edge_clearance]: Silkscreen clipped by board edge
    Rule: board setup constraints silk; warning
    @(112.5000 mm, 36.0000 mm): Segment on Edge.Cuts
    @(104.0537 mm, 36.4290 mm): Arc on F.Silkscreen
[silk_edge_clearance]: Silkscreen clipped by board edge
    Rule: board setup constraints silk; warning
    @(112.5000 mm, 36.0000 mm): Segment on Edge.Cuts
    @(112.0490 mm, 36.4290 mm): Arc on F.Silkscreen
[text_height]: Text height out of range (board setup constraints silk text height min height 0.8000 mm; actual 0.7500 mm)
    Rule: board setup constraints silk text height; warning
    @(59.3850 mm, 52.6950 mm): Footprint Text 'GND' of J1
[text_height]: Text height out of range (board setup constraints silk text height min height 0.8000 mm; actual 0.7500 mm)
    Rule: board setup constraints silk text height; warning
    @(59.3850 mm, 50.1550 mm): Footprint Text 'VCC' of J1
[text_height]: Text height out of range (board setup constraints silk text height min height 0.8000 mm; actual 0.7500 mm)
    Rule: board setup constraints silk text height; warning
    @(59.3850 mm, 47.6150 mm): Footprint Text 'SCL' of J1
[text_height]: Text height out of range (board setup constraints silk text height min height 0.8000 mm; actual 0.7500 mm)
    Rule: board setup constraints silk text height; warning
    @(59.3850 mm, 45.0750 mm): Footprint Text 'SDA' of J1
[text_height]: Text height out of range (board setup constraints silk text height min height 0.8000 mm; actual 0.6350 mm)
    Rule: board setup constraints silk text height; warning
    @(99.5450 mm, 35.8800 mm): Reference 'U1'
[silk_over_copper]: Silkscreen clipped by solder mask
    Local override; warning
    @(58.2540 mm, 107.2140 mm): Polygon on B.Silkscreen
[silk_over_copper]: Silkscreen clipped by solder mask
    Local override; warning
    @(58.2540 mm, 113.6910 mm): Polygon on B.Silkscreen
[silk_over_copper]: Silkscreen clipped by solder mask
    Local override; warning
    @(77.2540 mm, 107.2140 mm): Polygon on B.Silkscreen
[silk_over_copper]: Silkscreen clipped by solder mask
    Local override; warning
    @(77.2540 mm, 113.6910 mm): Polygon on B.Silkscreen
[silk_over_copper]: Silkscreen clipped by solder mask
    Local override; warning
    @(96.2540 mm, 107.2140 mm): Polygon on B.Silkscreen
[silk_over_copper]: Silkscreen clipped by solder mask
    Local override; warning
    @(96.2540 mm, 113.6910 mm): Polygon on B.Silkscreen
[silk_over_copper]: Silkscreen clipped by solder mask
    Local override; warning
    @(58.2540 mm, 87.7140 mm): Polygon on B.Silkscreen
[silk_over_copper]: Silkscreen clipped by solder mask
    Local override; warning
    @(58.2540 mm, 94.1910 mm): Polygon on B.Silkscreen
[silk_over_copper]: Silkscreen clipped by solder mask
    Local override; warning
    @(77.2540 mm, 87.7140 mm): Polygon on B.Silkscreen
[silk_over_copper]: Silkscreen clipped by solder mask
    Local override; warning
    @(77.2540 mm, 94.1910 mm): Polygon on B.Silkscreen
[silk_over_copper]: Silkscreen clipped by solder mask
    Local override; warning
    @(96.2540 mm, 87.7140 mm): Polygon on B.Silkscreen
[silk_over_copper]: Silkscreen clipped by solder mask
    Local override; warning
    @(96.2540 mm, 94.1910 mm): Polygon on B.Silkscreen
[silk_over_copper]: Silkscreen clipped by solder mask
    Local override; warning
    @(96.2540 mm, 68.7140 mm): Polygon on B.Silkscreen
[silk_over_copper]: Silkscreen clipped by solder mask
    Local override; warning
    @(96.2540 mm, 75.1910 mm): Polygon on B.Silkscreen
[silk_over_copper]: Silkscreen clipped by solder mask
    Local override; warning
    @(77.2540 mm, 68.7140 mm): Polygon on B.Silkscreen
[silk_over_copper]: Silkscreen clipped by solder mask
    Local override; warning
    @(77.2540 mm, 75.1910 mm): Polygon on B.Silkscreen
[silk_over_copper]: Silkscreen clipped by solder mask
    Local override; warning
    @(58.2540 mm, 68.7140 mm): Polygon on B.Silkscreen
[silk_over_copper]: Silkscreen clipped by solder mask
    Local override; warning
    @(58.2540 mm, 75.1910 mm): Polygon on B.Silkscreen
[silk_over_copper]: Silkscreen clipped by solder mask
    Local override; warning
    @(99.1550 mm, 56.3890 mm): Segment on F.Silkscreen
[silk_over_copper]: Silkscreen clipped by solder mask
    Local override; warning
    @(116.9350 mm, 56.3890 mm): Segment on F.Silkscreen
[solder_mask_bridge]: Front solder mask aperture bridges items with different nets
    Rule: board setup solder mask min width; error
    @(101.5000 mm, 105.0000 mm): Segment [Net-(D6-A)] on F.Cu
    @(96.0000 mm, 104.4200 mm): PTH pad A [<no net>] of D7
[solder_mask_bridge]: Front solder mask aperture bridges items with different nets
    Rule: board setup solder mask min width; error
    @(102.0000 mm, 86.5000 mm): Segment [Net-(D9-A)] on F.Cu
    @(96.0000 mm, 84.9200 mm): PTH pad A [<no net>] of D4
[solder_mask_bridge]: Front solder mask aperture bridges items with different nets
    Rule: board setup solder mask min width; error
    @(82.5000 mm, 86.5000 mm): Segment [Net-(D5-A)] on F.Cu
    @(77.0000 mm, 84.9200 mm): PTH pad A [<no net>] of D5
[solder_mask_bridge]: Front solder mask aperture bridges items with different nets
    Rule: board setup solder mask min width; error
    @(83.0000 mm, 105.5000 mm): Segment [Net-(D8-A)] on F.Cu
    @(77.0000 mm, 104.4200 mm): PTH pad A [<no net>] of D8
[solder_mask_bridge]: Front solder mask aperture bridges items with different nets
    Rule: board setup solder mask min width; error
    @(63.5000 mm, 105.5000 mm): Segment [Net-(D7-A)] on F.Cu
    @(58.0000 mm, 104.4200 mm): PTH pad A [<no net>] of D9
[solder_mask_bridge]: Front solder mask aperture bridges items with different nets
    Rule: board setup solder mask min width; error
    @(64.0000 mm, 86.5000 mm): Segment [Net-(D4-A)] on F.Cu
    @(58.0000 mm, 84.9200 mm): PTH pad A [<no net>] of D6
[solder_mask_bridge]: Front solder mask aperture bridges items with different nets
    Rule: board setup solder mask min width; error
    @(63.5000 mm, 67.5000 mm): Segment [Net-(D1-A)] on F.Cu
    @(58.0000 mm, 65.9200 mm): PTH pad A [<no net>] of D1
[solder_mask_bridge]: Front solder mask aperture bridges items with different nets
    Rule: board setup solder mask min width; error
    @(82.5000 mm, 67.5000 mm): Segment [Net-(D2-A)] on F.Cu
    @(77.0000 mm, 65.9200 mm): PTH pad A [<no net>] of D2
[solder_mask_bridge]: Front solder mask aperture bridges items with different nets
    Rule: board setup solder mask min width; error
    @(102.0000 mm, 67.5000 mm): Segment [Net-(D3-A)] on F.Cu
    @(96.0000 mm, 65.9200 mm): PTH pad A [<no net>] of D3
[solder_mask_bridge]: Rear solder mask aperture bridges items with different nets
    Rule: board setup solder mask min width; error
    @(96.0000 mm, 115.0000 mm): Segment [ROW-3] on B.Cu
    @(96.0000 mm, 114.5800 mm): PTH pad C [<no net>] of D7
[solder_mask_bridge]: Rear solder mask aperture bridges items with different nets
    Rule: board setup solder mask min width; error
    @(96.0000 mm, 95.0000 mm): Segment [ROW-2] on B.Cu
    @(96.0000 mm, 95.0800 mm): PTH pad C [<no net>] of D4
[solder_mask_bridge]: Rear solder mask aperture bridges items with different nets
    Rule: board setup solder mask min width; error
    @(96.0000 mm, 76.5000 mm): Segment [ROW-1] on B.Cu
    @(96.0000 mm, 76.0800 mm): PTH pad C [<no net>] of D3
[solder_mask_bridge]: Rear solder mask aperture bridges items with different nets
    Rule: board setup solder mask min width; error
    @(77.0000 mm, 115.0000 mm): Segment [ROW-3] on B.Cu
    @(58.0000 mm, 114.5800 mm): PTH pad C [<no net>] of D9
[solder_mask_bridge]: Rear solder mask aperture bridges items with different nets
    Rule: board setup solder mask min width; error
    @(77.0000 mm, 115.0000 mm): Segment [ROW-3] on B.Cu
    @(77.0000 mm, 114.5800 mm): PTH pad C [<no net>] of D8
[solder_mask_bridge]: Rear solder mask aperture bridges items with different nets
    Rule: board setup solder mask min width; error
    @(96.0000 mm, 115.0000 mm): Segment [ROW-3] on B.Cu
    @(77.0000 mm, 114.5800 mm): PTH pad C [<no net>] of D8
[solder_mask_bridge]: Rear solder mask aperture bridges items with different nets
    Rule: board setup solder mask min width; error
    @(96.0000 mm, 115.0000 mm): Segment [ROW-3] on B.Cu
    @(96.0000 mm, 114.5800 mm): PTH pad C [<no net>] of D7
[solder_mask_bridge]: Rear solder mask aperture bridges items with different nets
    Rule: board setup solder mask min width; error
    @(96.0000 mm, 95.0000 mm): Segment [ROW-2] on B.Cu
    @(96.0000 mm, 95.0800 mm): PTH pad C [<no net>] of D4
[solder_mask_bridge]: Rear solder mask aperture bridges items with different nets
    Rule: board setup solder mask min width; error
    @(96.0000 mm, 95.0000 mm): Segment [ROW-2] on B.Cu
    @(77.0000 mm, 95.0800 mm): PTH pad C [<no net>] of D5
[solder_mask_bridge]: Rear solder mask aperture bridges items with different nets
    Rule: board setup solder mask min width; error
    @(58.0000 mm, 95.0000 mm): Segment [ROW-2] on B.Cu
    @(58.0000 mm, 95.0800 mm): PTH pad C [<no net>] of D6
[solder_mask_bridge]: Rear solder mask aperture bridges items with different nets
    Rule: board setup solder mask min width; error
    @(58.0000 mm, 95.0000 mm): Segment [ROW-2] on B.Cu
    @(77.0000 mm, 95.0800 mm): PTH pad C [<no net>] of D5
[solder_mask_bridge]: Rear solder mask aperture bridges items with different nets
    Rule: board setup solder mask min width; error
    @(77.0000 mm, 76.5000 mm): Segment [ROW-1] on B.Cu
    @(77.0000 mm, 76.0800 mm): PTH pad C [<no net>] of D2
[solder_mask_bridge]: Rear solder mask aperture bridges items with different nets
    Rule: board setup solder mask min width; error
    @(77.0000 mm, 76.5000 mm): Segment [ROW-1] on B.Cu
    @(58.0000 mm, 76.0800 mm): PTH pad C [<no net>] of D1
[solder_mask_bridge]: Rear solder mask aperture bridges items with different nets
    Rule: board setup solder mask min width; error
    @(96.0000 mm, 76.5000 mm): Segment [ROW-1] on B.Cu
    @(77.0000 mm, 76.0800 mm): PTH pad C [<no net>] of D2
[solder_mask_bridge]: Rear solder mask aperture bridges items with different nets
    Rule: board setup solder mask min width; error
    @(96.0000 mm, 76.5000 mm): Segment [ROW-1] on B.Cu
    @(96.0000 mm, 76.0800 mm): PTH pad C [<no net>] of D3

** Found 0 unconnected pads **

** Found 18 Footprint errors **
[net_conflict]: No pad found for pin 2 (Net-(D1-A)) in schematic.
    Local override; warning
    @(58.0000 mm, 71.0000 mm): Footprint D1
[net_conflict]: No pad found for pin 1 (ROW-1) in schematic.
    Local override; warning
    @(58.0000 mm, 71.0000 mm): Footprint D1
[net_conflict]: No pad found for pin 2 (Net-(D2-A)) in schematic.
    Local override; warning
    @(77.0000 mm, 71.0000 mm): Footprint D2
[net_conflict]: No pad found for pin 1 (ROW-1) in schematic.
    Local override; warning
    @(77.0000 mm, 71.0000 mm): Footprint D2
[net_conflict]: No pad found for pin 2 (Net-(D3-A)) in schematic.
    Local override; warning
    @(96.0000 mm, 71.0000 mm): Footprint D3
[net_conflict]: No pad found for pin 1 (ROW-1) in schematic.
    Local override; warning
    @(96.0000 mm, 71.0000 mm): Footprint D3
[net_conflict]: No pad found for pin 2 (Net-(D4-A)) in schematic.
    Local override; warning
    @(96.0000 mm, 90.0000 mm): Footprint D4
[net_conflict]: No pad found for pin 1 (ROW-2) in schematic.
    Local override; warning
    @(96.0000 mm, 90.0000 mm): Footprint D4
[net_conflict]: No pad found for pin 2 (Net-(D5-A)) in schematic.
    Local override; warning
    @(77.0000 mm, 90.0000 mm): Footprint D5
[net_conflict]: No pad found for pin 1 (ROW-2) in schematic.
    Local override; warning
    @(77.0000 mm, 90.0000 mm): Footprint D5
[net_conflict]: No pad found for pin 2 (Net-(D6-A)) in schematic.
    Local override; warning
    @(58.0000 mm, 90.0000 mm): Footprint D6
[net_conflict]: No pad found for pin 1 (ROW-2) in schematic.
    Local override; warning
    @(58.0000 mm, 90.0000 mm): Footprint D6
[net_conflict]: No pad found for pin 2 (Net-(D7-A)) in schematic.
    Local override; warning
    @(96.0000 mm, 109.5000 mm): Footprint D7
[net_conflict]: No pad found for pin 1 (ROW-3) in schematic.
    Local override; warning
    @(96.0000 mm, 109.5000 mm): Footprint D7
[net_conflict]: No pad found for pin 2 (Net-(D8-A)) in schematic.
    Local override; warning
    @(77.0000 mm, 109.5000 mm): Footprint D8
[net_conflict]: No pad found for pin 1 (ROW-3) in schematic.
    Local override; warning
    @(77.0000 mm, 109.5000 mm): Footprint D8
[net_conflict]: No pad found for pin 2 (Net-(D9-A)) in schematic.
    Local override; warning
    @(58.0000 mm, 109.5000 mm): Footprint D9
[net_conflict]: No pad found for pin 1 (ROW-3) in schematic.
    Local override; warning
    @(58.0000 mm, 109.5000 mm): Footprint D9

** End of Report **
